[my-iddah.com/index.html]
[backblue.gif]
[fade.gif]
[index.html]
[my-iddah.com/wp-content/themes/my-iddah-new-version/styles/normalize.css]
[my-iddah.com/wp-content/themes/my-iddah-new-version/styles/bootstrap.css]
[my-iddah.com/wp-content/themes/my-iddah-new-version/styles/bootstrap-theme.css]
[my-iddah.com/wp-content/themes/my-iddah-new-version/styles/layout.css]
[my-iddah.com/xmlrpc0db0.php]
[my-iddah.com/comments/feed/index.html]
[my-iddah.com/feed/index.html]
[my-iddah.com/wp-includes/wlwmanifest.xml]
[my-iddah.com/wp-content/themes/my-iddah-new-version/images/logos/my_iddah_all_logo_2x.png]
[my-iddah.com/wp-json/index.html]
[my-iddah.com/wp-content/themes/my-iddah-new-version/images/icons/search_icon_2x.png]
[my-iddah.com/wp-content/themes/my-iddah-new-version/images/links/widow_pic.png]
[my-iddah.com/widow/index.html]
[my-iddah.com/wp-content/themes/my-iddah-new-version/images/links/divorcee_pic.png]
[my-iddah.com/divorcee/index.html]
[my-iddah.com/wp-content/themes/my-iddah-new-version/images/links/vistor_pic.png]
[my-iddah.com/visitor/index.html]
[my-iddah.com/wp-content/themes/my-iddah-new-version/scripts/jquery-1.7.2.min.js]
[my-iddah.com/wp-content/themes/my-iddah-new-version/scripts/scripts.js]
[my-iddah.com/index.html]
[my-iddah.com/wp-content/themes/my-iddah-new-version/styles/normalize.css]
[my-iddah.com/wp-content/themes/my-iddah-new-version/fonts/glyphicons-halflings-regular.eot]
[my-iddah.com/wp-content/themes/my-iddah-new-version/fonts/glyphicons-halflings-regulard41d.eot]
[my-iddah.com/wp-content/themes/my-iddah-new-version/fonts/glyphicons-halflings-regular.woff]
[my-iddah.com/wp-content/themes/my-iddah-new-version/styles/bootstrap.css]
[my-iddah.com/wp-content/themes/my-iddah-new-version/styles/bootstrap-theme.css]
[my-iddah.com/wp-content/themes/my-iddah-new-version/images/bg_ornement_2x-dark.png]
[my-iddah.com/wp-content/themes/my-iddah-new-version/images/newsletter/newsletter_text-field.png]
[my-iddah.com/wp-content/themes/my-iddah-new-version/images/banners/fiqh_banner.png]
[my-iddah.com/wp-content/themes/my-iddah-new-version/images/banners/inspiration_banner.png]
[my-iddah.com/wp-content/themes/my-iddah-new-version/images/banners/self_banner.png]
[my-iddah.com/wp-content/themes/my-iddah-new-version/images/banners/family_banner.png]
[my-iddah.com/wp-content/themes/my-iddah-new-version/styles/layout.css]
[my-iddah.com/wp-json/oembed/1.0/embed0732.json]
[my-iddah.com/wp-json/oembed/1.0/embed1d65]
[www.google-analytics.com/analytics.js]
[connect.facebook.net/en_GB/sdk.js]
[my-iddah.com/wp-content/themes/my-iddah-new-version/images/logos/vistor_logo_2x.png]
[my-iddah.com/wp-content/themes/my-iddah-new-version/images/icons/menu_icon_2x.png]
[my-iddah.com/about-us/index.html]
[my-iddah.com/wp-content/themes/my-iddah-new-version/images/icons/categories_icon_2x.png]
[my-iddah.com/category/visitor/inspiration-visitor/index.html]
[my-iddah.com/contact-us/index.html]
[my-iddah.com/category/visitor/fiqh-visitor/index.html]
[my-iddah.com/category/visitor/remarriage-visitor/index.html]
[my-iddah.com/category/visitor/family-visitor/index.html]
[my-iddah.com/category/visitor/self-visitor/index.html]
[my-iddah.com/wp-content/themes/my-iddah-new-version/images/icons/Close_icon_white_20PX.png]
[my-iddah.com/category/widow/inspiration/index.html]
[my-iddah.com/category/widow/remarriage/index.html]
[my-iddah.com/category/widow/self/index.html]
[my-iddah.com/category/widow/family/index.html]
[my-iddah.com/wp-content/themes/my-iddah-new-version/images/icons/view_more_arrows_2x.png]
[my-iddah.com/topreads/index.html]
[my-iddah.com/category/widow/fiqh/index.html]
[my-iddah.com/wp-content/themes/my-iddah-new-version/images/icons/reads_light_icon_2x.png]
[my-iddah.com/6-ways-to-support-a-widow-2/index.html]
[my-iddah.com/siddiqah-a-support-for-divorcees-and-widows-in-nigeria/index.html]
[my-iddah.com/requiem-of-a-marriage-struggling-with-divorce/index.html]
[my-iddah.com/what-is-iddah-2/index.html]
[my-iddah.com/trending/index.html]
[my-iddah.com/when-true-love-comes-twice-2/index.html]
[my-iddah.com/3-misconceptions-about-iddah-2/index.html]
[my-iddah.com/5-rules-of-iddah-2/index.html]
[my-iddah.com/a-time-place-for-everything/index.html]
[my-iddah.com/on-iddah-by-naima-b-robert-part-1/index.html]
[my-iddah.com/the-gift-of-iddah-by-naima-b-robert-part-2/index.html]
[my-iddah.com/another-mans-daughter-the-story-of-zaynab-bint-abi-salamah/index.html]
[my-iddah.com/the-single-parent-guide-to-quick-and-healthy-cooking/index.html]
[my-iddah.com/accepting-allahs-decree/index.html]
[my-iddah.com/from-a-sister-to-a-widow-2/index.html]
[my-iddah.com/daring-to-hope-again/index.html]
[my-iddah.com/you-dont-need-a-man/index.html]
[www.sisters-magazine.com/wp-content/themes/sisters.git/images/Footer/products/ipray_now.png]
[www.sisters-magazine.com/wp-content/themes/sisters.git/images/Footer/products/dua_card.png]
[my-iddah.com/wp-content/themes/my-iddah-new-version/images/footer/products/sisters_x4.png]
[my-iddah.com/wp-content/themes/my-iddah-new-version/images/footer/products/discover_x4.png]
[my-iddah.com/wp-content/themes/my-iddah-new-version/images/footer/products/awakening_x4.png]
[my-iddah.com/wp-content/themes/my-iddah-new-version/images/footer/products/my_iddah_x4.png]
[my-iddah.com/wp-content/themes/my-iddah-new-version/images/footer/products/her-hajj_x4.png]
[my-iddah.com/wp-content/themes/my-iddah-new-version/images/newsletter/newsletter_bg.png]
[my-iddah.com/widow/index.html]
[my-iddah.com/wp-json/oembed/1.0/embedac2b.json]
[my-iddah.com/wp-json/oembed/1.0/embedaa08]
[my-iddah.com/build-your-new-marriage-on-solid-ground/index.html]
[my-iddah.com/5-steps-to-a-healthy-recovery-muslimahs-guide-to-divorce-loss-e-book/index.html]
[my-iddah.com/8-ways-to-cope-with-divorce-through-worship/index.html]
[my-iddah.com/fiqh-rules-on-iddah/index.html]
[my-iddah.com/it-would-never-happen-to-me/index.html]
[my-iddah.com/single-muslim-mums-organisation-for-single-muslim-mothers/index.html]
[my-iddah.com/i-still-love-my-former-in-laws/index.html]
[my-iddah.com/4-ways-to-get-rid-of-post-divorce-bitterness/index.html]
[my-iddah.com/struggle-a-poem-about-leaving/index.html]
[my-iddah.com/so-you-wanna-marry-a-single-mum/index.html]
[my-iddah.com/divorcee/index.html]
[my-iddah.com/wp-json/oembed/1.0/embed66be.json]
[my-iddah.com/wp-json/oembed/1.0/embedc498]
[my-iddah.com/ditching-divorce-drama-video/index.html]
[my-iddah.com/visitor/index.html]
[my-iddah.com/wp-content/themes/my-iddah-new-version/fonts/glyphicons-halflings-regular.html]
[my-iddah.com/wp-content/themes/my-iddah-new-version/fonts/glyphicons-halflings-regular-2.html]
[my-iddah.com/index341b.html]
[connect.facebook.net/en_GB/sdk.js]
[my-iddah.com/wp-content/themes/my-iddah-new-version/images/banners/family_banner.png]
[my-iddah.com/wp-content/themes/my-iddah-new-version/images/banners/remmarige_banner.png]
[my-iddah.com/wp-json/oembed/1.0/embed0e33.json]
[my-iddah.com/wp-json/oembed/1.0/embed2a04]
[my-iddah.com/about-us/index.html]
[my-iddah.com/wp-json/oembed/1.0/embede736.json]
[my-iddah.com/wp-json/oembed/1.0/embedeac3]
[my-iddah.com/contact-us/index.html]
[my-iddah.com/category/visitor/inspiration-visitor/feed/index.html]
[my-iddah.com/wp-content/themes/my-iddah-new-version/images/icons/reads_light_icon_2xd41d.png]
[my-iddah.com/i-spent-ramadan-alone-learned-to-count-my-blessings/index.html]
[my-iddah.com/a-series-of-firsts/index.html]
[my-iddah.com/a-series-of-firsts-part-2/index.html]
[my-iddah.com/tips-for-a-blessed-solo-eid/index.html]
[my-iddah.com/category/visitor/inspiration-visitor/index.html]
[my-iddah.com/category/visitor/fiqh-visitor/feed/index.html]
[my-iddah.com/the-fiqh-of-iddah/index.html]
[my-iddah.com/category/visitor/fiqh-visitor/index.html]
[my-iddah.com/category/visitor/self-visitor/feed/index.html]
[my-iddah.com/my-divorce-was-the-best-thing-that-ever-happened-to-me/index.html]
[my-iddah.com/running-on-e-9-signs-you-are-emotionally-exhausted/index.html]
[my-iddah.com/my-khul-my-freedom/index.html]
[my-iddah.com/category/visitor/self-visitor/index.html]
[my-iddah.com/standing-on-your-own-two-feet-as-a-single-mum/index.html]
[my-iddah.com/my-best-ramadaans-were-as-a-single-mum/index.html]
[my-iddah.com/category/visitor/family-visitor/feed/index.html]
[my-iddah.com/it-took-me-21-years-and-11-months-of-abuse-until-i-had-this-realization/index.html]
[my-iddah.com/behind-picket-fences-review-of-hend-hegazis-eye-opening-novel/index.html]
[my-iddah.com/life-as-a-step-parent/index.html]
[my-iddah.com/category/visitor/family-visitor/index.html]
[my-iddah.com/guidance-through-the-stable-door/index.html]
[my-iddah.com/category/visitor/remarriage-visitor/feed/index.html]
[my-iddah.com/the-heart-does-go-on/index.html]
[my-iddah.com/could-i-ever-remarry/index.html]
[my-iddah.com/category/visitor/remarriage-visitor/index.html]
[my-iddah.com/wp-content/themes/my-iddah-new-version/images/links/widow_link.png]
[my-iddah.com/category/widow/family/feed/index.html]
[my-iddah.com/category/widow/family/index.html]
[my-iddah.com/category/widow/fiqh/feed/index.html]
[my-iddah.com/category/widow/fiqh/index.html]
[my-iddah.com/midnight-prayers-of-a-single-mother/index.html]
[my-iddah.com/category/widow/inspiration/feed/index.html]
[my-iddah.com/the-tensions-of-the-iddah/index.html]
[my-iddah.com/celebrate-life/index.html]
[my-iddah.com/his-promise-is-true/index.html]
[my-iddah.com/category/widow/inspiration/index.html]
[my-iddah.com/category/widow/remarriage/feed/index.html]
[my-iddah.com/category/widow/remarriage/index.html]
[my-iddah.com/iddah-by-any-other-name/index.html]
[my-iddah.com/category/widow/self/feed/index.html]
[my-iddah.com/moving-beyond-the-blues/index.html]
[my-iddah.com/category/widow/self/index.html]
[my-iddah.com/wp-json/oembed/1.0/embed0d3b.json]
[my-iddah.com/wp-json/oembed/1.0/embed1f02]
[my-iddah.com/topreads/index.html]
[my-iddah.com/wp-content/uploads/2016/11/6waystosupportawidow.html]
[my-iddah.com/wp-json/oembed/1.0/embed6983.json]
[my-iddah.com/wp-json/oembed/1.0/embed0026]
[my-iddah.com/6-ways-to-support-a-widow-2/feed/index.html]
[my-iddah.com/wp-content/themes/my-iddah-new-version/images/icons/reads_dark_icon_2x.png]
[my-iddah.com/how-i-began-healing-in-my-iddah/index.html]
[my-iddah.com/wp-content/themes/my-iddah-new-version/images/facebook_icon.png]
[my-iddah.com/wp-content/themes/my-iddah-new-version/images/twitter_icon.png]
[my-iddah.com/wp-content/themes/my-iddah-new-version/images/icons/google.png]
[my-iddah.com/6-ways-to-support-a-widow-2/index.html]
[my-iddah.com/wp-content/uploads/2016/11/siddigah-cover.html]
[my-iddah.com/wp-json/oembed/1.0/embedf062.json]
[my-iddah.com/wp-json/oembed/1.0/embedd024]
[my-iddah.com/siddiqah-a-support-for-divorcees-and-widows-in-nigeria/feed/index.html]
[my-iddah.com/siddiqah-a-support-for-divorcees-and-widows-in-nigeria/index.html]
[my-iddah.com/wp-content/uploads/2016/11/requiemofamarriage.html]
[my-iddah.com/wp-json/oembed/1.0/embed64e6.json]
[my-iddah.com/wp-json/oembed/1.0/embed4a32]
[my-iddah.com/requiem-of-a-marriage-struggling-with-divorce/feed/index.html]
[my-iddah.com/divorce-shamers/index.html]
[my-iddah.com/requiem-of-a-marriage-struggling-with-divorce/index.html]
[my-iddah.com/wp-content/uploads/2016/11/whatisiddah.html]
[my-iddah.com/wp-json/oembed/1.0/embed71f4.json]
[my-iddah.com/wp-json/oembed/1.0/embed5def]
[my-iddah.com/what-is-iddah-2/feed/index.html]
[my-iddah.com/what-is-iddah-2/index.html]
[my-iddah.com/wp-json/oembed/1.0/embede641.json]
[my-iddah.com/wp-json/oembed/1.0/embed26ea]
[my-iddah.com/trending/index.html]
[my-iddah.com/wp-json/oembed/1.0/embedb6bf.json]
[my-iddah.com/wp-json/oembed/1.0/embed9547]
[my-iddah.com/when-true-love-comes-twice-2/feed/index.html]
[my-iddah.com/when-true-love-comes-twice-2/index.html]
[my-iddah.com/wp-content/uploads/2016/11/whentruelovecomestwice.html]
[my-iddah.com/3-misconceptions-about-iddah-2/feed/index.html]
[my-iddah.com/wp-json/oembed/1.0/embedee26.json]
[my-iddah.com/wp-json/oembed/1.0/embed1da3]
[my-iddah.com/3-misconceptions-about-iddah-2/index.html]
[my-iddah.com/wp-content/uploads/2016/11/3misconceptionsaboutiddah.html]
[my-iddah.com/wp-json/oembed/1.0/embede7d0.json]
[my-iddah.com/wp-json/oembed/1.0/embed2474]
[my-iddah.com/5-rules-of-iddah-2/feed/index.html]
[my-iddah.com/5-rules-of-iddah-2/index.html]
[my-iddah.com/wp-content/uploads/2016/11/5rulesofiddah-1.html]
[my-iddah.com/wp-content/uploads/2016/11/whatisiddah-1.html]
[my-iddah.com/wp-json/oembed/1.0/embed357e.json]
[my-iddah.com/a-time-place-for-everything/feed/index.html]
[my-iddah.com/wp-json/oembed/1.0/embedfa4a]
[my-iddah.com/a-time-place-for-everything/index.html]
[my-iddah.com/wp-content/uploads/2016/11/atimeplaceforeverything-1.html]
[my-iddah.com/wp-json/oembed/1.0/embed75c6.json]
[my-iddah.com/wp-json/oembed/1.0/embed63c6]
[my-iddah.com/on-iddah-by-naima-b-robert-part-1/feed/index.html]
[my-iddah.com/on-iddah-by-naima-b-robert-part-1/index.html]
[my-iddah.com/wp-content/uploads/2016/11/thegirftofiddahbynaimabrobertpart1.html]
[my-iddah.com/wp-json/oembed/1.0/embedb6bc.json]
[my-iddah.com/the-gift-of-iddah-by-naima-b-robert-part-2/feed/index.html]
[my-iddah.com/wp-json/oembed/1.0/embedc3db]
[my-iddah.com/the-gift-of-iddah-by-naima-b-robert-part-2/index.html]
[my-iddah.com/wp-content/uploads/2016/11/TheGiftofIddahbyNaimaB.Robertpart2-1.html]
[my-iddah.com/wp-json/oembed/1.0/embed2762.json]
[my-iddah.com/another-mans-daughter-the-story-of-zaynab-bint-abi-salamah/feed/index.html]
[my-iddah.com/wp-json/oembed/1.0/embeda8d6]
[my-iddah.com/another-mans-daughter-the-story-of-zaynab-bint-abi-salamah/index.html]
[my-iddah.com/wp-content/uploads/2016/11/anothermansdaughter.html]
[my-iddah.com/wp-json/oembed/1.0/embed2ec9.json]
[my-iddah.com/wp-json/oembed/1.0/embed3abb]
[my-iddah.com/the-single-parent-guide-to-quick-and-healthy-cooking/feed/index.html]
[my-iddah.com/the-single-parent-guide-to-quick-and-healthy-cooking/index.html]
[my-iddah.com/wp-content/uploads/2016/11/TheSingleParentGuidetoQuickandHealthyCooking.html]
[my-iddah.com/wp-content/uploads/2016/11/whentruelovecomestwice-1.html]
[my-iddah.com/wp-json/oembed/1.0/embedccbe.json]
[my-iddah.com/wp-json/oembed/1.0/embed5771]
[my-iddah.com/accepting-allahs-decree/feed/index.html]
[my-iddah.com/accepting-allahs-decree/index.html]
[my-iddah.com/wp-content/uploads/2016/11/acceptingallahsddecree.html]
[my-iddah.com/wp-json/oembed/1.0/embed8051.json]
[my-iddah.com/wp-json/oembed/1.0/embedc54e]
[my-iddah.com/from-a-sister-to-a-widow-2/feed/index.html]
[my-iddah.com/from-a-sister-to-a-widow-2/index.html]
[my-iddah.com/wp-content/uploads/2016/11/formersistertoawidow.html]
[my-iddah.com/wp-json/oembed/1.0/embed9439.json]
[my-iddah.com/wp-json/oembed/1.0/embed13c7]
[my-iddah.com/daring-to-hope-again/feed/index.html]
[my-iddah.com/daring-to-hope-again/index.html]
[my-iddah.com/wp-content/uploads/2016/11/daringtohopeagain.html]
[my-iddah.com/wp-json/oembed/1.0/embed6376.json]
[my-iddah.com/wp-json/oembed/1.0/embedab69]
[my-iddah.com/you-dont-need-a-man/feed/index.html]
[my-iddah.com/you-dont-need-a-man/index.html]
[my-iddah.com/wp-content/uploads/2016/11/Youdontneedaman.html]
[my-iddah.com/widow/index-2.html]
[my-iddah.com/widow/myStory.html]
[my-iddah.com/widow/books.html]
[my-iddah.com/widow/articlesHome.html]
[my-iddah.com/widow/Products.html]
[my-iddah.com/index88b9.html]
[my-iddah.com/wp-json/oembed/1.0/embed642f.json]
[my-iddah.com/wp-json/oembed/1.0/embed9f66]
[my-iddah.com/build-your-new-marriage-on-solid-ground/feed/index.html]
[my-iddah.com/build-your-new-marriage-on-solid-ground/index.html]
[my-iddah.com/wp-content/uploads/2016/11/buildyourmarriageonsolidground.html]
[my-iddah.com/wp-content/uploads/2016/11/atimeplaceforeverything.html]
[my-iddah.com/wp-json/oembed/1.0/embedd97c.json]
[my-iddah.com/wp-json/oembed/1.0/embed48d4]
[my-iddah.com/5-steps-to-a-healthy-recovery-muslimahs-guide-to-divorce-loss-e-book/feed/index.html]
[my-iddah.com/5-steps-to-a-healthy-recovery-muslimahs-guide-to-divorce-loss-e-book/index.html]
[my-iddah.com/wp-content/uploads/2016/11/5stepstoahealthyrecovery.html]
[my-iddah.com/wp-json/oembed/1.0/embed3069.json]
[my-iddah.com/wp-json/oembed/1.0/embed5f14]
[my-iddah.com/8-ways-to-cope-with-divorce-through-worship/feed/index.html]
[my-iddah.com/8-ways-to-cope-with-divorce-through-worship/index.html]
[my-iddah.com/wp-content/uploads/2016/11/8waystocopewithdivorce.html]
[my-iddah.com/wp-json/oembed/1.0/embede2f2.json]
[my-iddah.com/wp-json/oembed/1.0/embed371d]
[my-iddah.com/fiqh-rules-on-iddah/feed/index.html]
[my-iddah.com/fiqh-rules-on-iddah/index.html]
[my-iddah.com/wp-content/uploads/2016/11/fiqhrulesoniddah.html]
[my-iddah.com/wp-content/uploads/2016/11/requiemofamarriage-1.html]
[my-iddah.com/wp-json/oembed/1.0/embed558f.json]
[my-iddah.com/wp-json/oembed/1.0/embedf82f]
[my-iddah.com/it-would-never-happen-to-me/feed/index.html]
[my-iddah.com/divorceversary/index.html]
[my-iddah.com/it-would-never-happen-to-me/index.html]
[my-iddah.com/wp-content/uploads/2016/11/iwassureitwouldneverhappentome.html]
[my-iddah.com/wp-json/oembed/1.0/embede398.json]
[my-iddah.com/wp-json/oembed/1.0/embedbe2e]
[my-iddah.com/single-muslim-mums-organisation-for-single-muslim-mothers/feed/index.html]
[my-iddah.com/the-importance-of-self-care/index.html]
[my-iddah.com/single-muslim-mums-organisation-for-single-muslim-mothers/index.html]
[my-iddah.com/wp-content/uploads/2016/11/singlemuslimmoms-organization.html]
[my-iddah.com/wp-json/oembed/1.0/embed6a9f.json]
[my-iddah.com/wp-json/oembed/1.0/embeded8a]
[my-iddah.com/i-still-love-my-former-in-laws/feed/index.html]
[my-iddah.com/i-still-love-my-former-in-laws/index.html]
[my-iddah.com/wp-content/uploads/2016/11/istilllovemyformalinlaws-1.html]
[my-iddah.com/wp-content/uploads/2016/11/5stepstoahealthyrecovery-1.html]
[my-iddah.com/wp-json/oembed/1.0/embedd4be.json]
[my-iddah.com/wp-json/oembed/1.0/embed2276]
[my-iddah.com/4-ways-to-get-rid-of-post-divorce-bitterness/feed/index.html]
[my-iddah.com/4-ways-to-get-rid-of-post-divorce-bitterness/index.html]
[my-iddah.com/wp-content/uploads/2016/11/4waystogetridofpostdivorce.html]
[my-iddah.com/wp-json/oembed/1.0/embedb40a.json]
[my-iddah.com/struggle-a-poem-about-leaving/feed/index.html]
[my-iddah.com/wp-json/oembed/1.0/embeda5a1]
[my-iddah.com/struggle-a-poem-about-leaving/index.html]
[my-iddah.com/wp-content/uploads/2016/11/struggleapoemaboutleaving.html]
[my-iddah.com/wp-json/oembed/1.0/embed6600.json]
[my-iddah.com/so-you-wanna-marry-a-single-mum/feed/index.html]
[my-iddah.com/wp-json/oembed/1.0/embedd972]
[my-iddah.com/so-you-wanna-marry-a-single-mum/index.html]
[my-iddah.com/wp-content/uploads/2016/11/Soyouwannamarryasinglemum....html]
[my-iddah.com/divorcee/index-2.html]
[my-iddah.com/divorcee/myStory.html]
[my-iddah.com/divorcee/books.html]
[my-iddah.com/divorcee/articlesHome.html]
[my-iddah.com/divorcee/Products.html]
[my-iddah.com/index3c55.html]
[my-iddah.com/wp-json/oembed/1.0/embedcabf.json]
[my-iddah.com/ditching-divorce-drama-video/feed/index.html]
[my-iddah.com/wp-json/oembed/1.0/embed17b9]
[my-iddah.com/ditching-divorce-drama-video/index.html]
[my-iddah.com/wp-content/uploads/2016/11/ditchingdivorcedramavideo-2.html]
[my-iddah.com/wp-content/uploads/2016/11/singlemuslimmoms-organization-2.html]
[my-iddah.com/wp-content/uploads/2016/11/DaringtoHopeAgain-2.html]
[my-iddah.com/visitor/index-2.html]
[my-iddah.com/visitor/myStory.html]
[my-iddah.com/visitor/books.html]
[my-iddah.com/visitor/articlesHome.html]
[my-iddah.com/visitor/Products.html]
[my-iddah.com/wp-content/themes/my-iddah-new-version/fonts/glyphicons-halflings-regular.svg]
[my-iddah.com/indexe839.html]
[my-iddah.com/about-us/index-2.html]
[my-iddah.com/about-us/myStory.html]
[my-iddah.com/about-us/books.html]
[my-iddah.com/about-us/articlesHome.html]
[my-iddah.com/about-us/Products.html]
[my-iddah.com/index96f1.html]
[my-iddah.com/contact-us/index-2.html]
[my-iddah.com/contact-us/myStory.html]
[my-iddah.com/contact-us/books.html]
[my-iddah.com/contact-us/articlesHome.html]
[my-iddah.com/contact-us/Products.html]
[my-iddah.com/wp-content/uploads/2016/11/8waystocopewithdivorcethroughworship.html]
[my-iddah.com/wp-content/uploads/2016/11/iwassureitwouldneverhappentome-1.html]
[my-iddah.com/wp-json/oembed/1.0/embed867a.json]
[my-iddah.com/i-spent-ramadan-alone-learned-to-count-my-blessings/feed/index.html]
[my-iddah.com/wp-json/oembed/1.0/embed3b38]
[my-iddah.com/i-spent-ramadan-alone-learned-to-count-my-blessings/index.html]
[my-iddah.com/wp-content/uploads/2016/11/ISpentRamadanAlone.html]
[my-iddah.com/wp-content/uploads/2016/11/TheGiftofIddahbyNaimaB.Robertpart1.html]
[my-iddah.com/wp-content/uploads/2016/11/TheGiftofIddahbyNaimaB.Robertpart2.html]
[my-iddah.com/wp-json/oembed/1.0/embed8b90.json]
[my-iddah.com/wp-json/oembed/1.0/embedeadf]
[my-iddah.com/a-series-of-firsts/feed/index.html]
[my-iddah.com/a-series-of-firsts/index.html]
[my-iddah.com/wp-content/uploads/2016/11/ASeriesofFirsts.html]
[my-iddah.com/wp-json/oembed/1.0/embed2568.json]
[my-iddah.com/wp-json/oembed/1.0/embedcd16]
[my-iddah.com/a-series-of-firsts-part-2/feed/index.html]
[my-iddah.com/a-series-of-firsts-part-2/index.html]
[my-iddah.com/wp-content/uploads/2016/11/ASeriesofFirstspart-2.html]
[my-iddah.com/wp-json/oembed/1.0/embed4490.json]
[my-iddah.com/wp-json/oembed/1.0/embedd140]
[my-iddah.com/tips-for-a-blessed-solo-eid/feed/index.html]
[my-iddah.com/tips-for-a-blessed-solo-eid/index.html]
[my-iddah.com/wp-content/uploads/2016/11/TipsforaBlessedSoloEid.html]
[my-iddah.com/category/visitor/inspiration-visitor/index-2.html]
[my-iddah.com/category/visitor/inspiration-visitor/myStory.html]
[my-iddah.com/category/visitor/inspiration-visitor/books.html]
[my-iddah.com/category/visitor/inspiration-visitor/articlesHome.html]
[my-iddah.com/category/visitor/inspiration-visitor/Products.html]
[my-iddah.com/wp-content/uploads/2016/11/3misconceptoinsaboutiddah.html]
[my-iddah.com/wp-json/oembed/1.0/embed8d12.json]
[my-iddah.com/the-fiqh-of-iddah/feed/index.html]
[my-iddah.com/wp-json/oembed/1.0/embede0a0]
[my-iddah.com/the-fiqh-of-iddah/index.html]
[my-iddah.com/wp-content/uploads/2016/11/TheFiqhofIddah.html]
[my-iddah.com/category/visitor/fiqh-visitor/index-2.html]
[my-iddah.com/category/visitor/fiqh-visitor/myStory.html]
[my-iddah.com/category/visitor/fiqh-visitor/books.html]
[my-iddah.com/category/visitor/fiqh-visitor/articlesHome.html]
[my-iddah.com/category/visitor/fiqh-visitor/Products.html]
[my-iddah.com/wp-content/uploads/2016/11/acceptingallahsdecree.html]
[my-iddah.com/wp-content/uploads/2016/11/fromasistertoawidow.html]
[my-iddah.com/wp-content/uploads/2016/11/6waystosupportawidow-1.html]
[my-iddah.com/wp-content/uploads/2016/11/4waystogetridofpostdivorce-1.html]
[my-iddah.com/wp-content/uploads/2016/11/struggleapoemaboutleaving-1.html]
[my-iddah.com/wp-json/oembed/1.0/embed5f4c.json]
[my-iddah.com/wp-json/oembed/1.0/embed74dc]
[my-iddah.com/my-divorce-was-the-best-thing-that-ever-happened-to-me/feed/index.html]
[my-iddah.com/my-divorce-was-the-best-thing-that-ever-happened-to-me/index.html]
[my-iddah.com/wp-content/uploads/2016/11/MyDivorce-istheBiggestBlessingofMyLife.html]
[my-iddah.com/wp-json/oembed/1.0/embedbd10.json]
[my-iddah.com/running-on-e-9-signs-you-are-emotionally-exhausted/feed/index.html]
[my-iddah.com/wp-json/oembed/1.0/embed70c7]
[my-iddah.com/running-on-e-9-signs-you-are-emotionally-exhausted/index.html]
[my-iddah.com/wp-content/uploads/2016/11/runningonEareyouemotionallyexhausted.html]
[my-iddah.com/wp-json/oembed/1.0/embed7a56.json]
[my-iddah.com/my-khul-my-freedom/feed/index.html]
[my-iddah.com/wp-json/oembed/1.0/embed12cb]
[my-iddah.com/my-khul-my-freedom/index.html]
[my-iddah.com/wp-content/uploads/2016/11/mykhulmyfreedom.html]
[my-iddah.com/category/visitor/self-visitor/index-2.html]
[my-iddah.com/category/visitor/self-visitor/myStory.html]
[my-iddah.com/category/visitor/self-visitor/books.html]
[my-iddah.com/category/visitor/self-visitor/articlesHome.html]
[my-iddah.com/category/visitor/self-visitor/Products.html]
[my-iddah.com/wp-json/oembed/1.0/embed2552.json]
[my-iddah.com/wp-json/oembed/1.0/embedf01a]
[my-iddah.com/standing-on-your-own-two-feet-as-a-single-mum/feed/index.html]
[my-iddah.com/standing-on-your-own-two-feet-as-a-single-mum/index.html]
[my-iddah.com/wp-content/uploads/2016/11/standingonyourowntwofeet-1.html]
[my-iddah.com/wp-json/oembed/1.0/embed7369.json]
[my-iddah.com/wp-json/oembed/1.0/embed748b]
[my-iddah.com/my-best-ramadaans-were-as-a-single-mum/feed/index.html]
[my-iddah.com/my-best-ramadaans-were-as-a-single-mum/index.html]
[my-iddah.com/wp-content/uploads/2016/11/mybestramadans.html]
[my-iddah.com/wp-json/oembed/1.0/embede8e6.json]
[my-iddah.com/wp-json/oembed/1.0/embeddbda]
[my-iddah.com/it-took-me-21-years-and-11-months-of-abuse-until-i-had-this-realization/feed/index.html]
[my-iddah.com/it-took-me-21-years-and-11-months-of-abuse-until-i-had-this-realization/index.html]
[my-iddah.com/wp-content/uploads/2016/11/ittookme21yearsbig.html]
[my-iddah.com/wp-content/uploads/2016/11/AnotherMansDaughter-2.html]
[my-iddah.com/wp-json/oembed/1.0/embed5085.json]
[my-iddah.com/wp-json/oembed/1.0/embed5489]
[my-iddah.com/behind-picket-fences-review-of-hend-hegazis-eye-opening-novel/feed/index.html]
[my-iddah.com/behind-picket-fences-review-of-hend-hegazis-eye-opening-novel/index.html]
[my-iddah.com/wp-content/uploads/2016/11/Reviews-1.html]
[my-iddah.com/wp-json/oembed/1.0/embed77d9.json]
[my-iddah.com/life-as-a-step-parent/feed/index.html]
[my-iddah.com/wp-json/oembed/1.0/embed464e]
[my-iddah.com/life-as-a-step-parent/index.html]
[my-iddah.com/wp-content/uploads/2016/11/LifeasaStep-Parent.html]
[my-iddah.com/category/visitor/family-visitor/index-2.html]
[my-iddah.com/category/visitor/family-visitor/myStory.html]
[my-iddah.com/category/visitor/family-visitor/books.html]
[my-iddah.com/category/visitor/family-visitor/articlesHome.html]
[my-iddah.com/category/visitor/family-visitor/Products.html]
[my-iddah.com/wp-content/uploads/2016/11/buildyournewmarriageonsolidground.html]
[my-iddah.com/wp-json/oembed/1.0/embed4e2a.json]
[my-iddah.com/wp-json/oembed/1.0/embedac44]
[my-iddah.com/guidance-through-the-stable-door/feed/index.html]
[my-iddah.com/guidance-through-the-stable-door/index.html]
[my-iddah.com/wp-content/uploads/2016/11/Guidancethrough-theStableDoor.html]
[my-iddah.com/wp-json/oembed/1.0/embede317.json]
[my-iddah.com/wp-json/oembed/1.0/embed99cc]
[my-iddah.com/the-heart-does-go-on/feed/index.html]
[my-iddah.com/life-after-divorce-video/index.html]
[my-iddah.com/the-heart-does-go-on/index.html]
[my-iddah.com/wp-content/uploads/2016/11/TheHeartDoesGoOn.html]
[my-iddah.com/wp-json/oembed/1.0/embedac86.json]
[my-iddah.com/wp-json/oembed/1.0/embed6792]
[my-iddah.com/could-i-ever-remarry/feed/index.html]
[my-iddah.com/could-i-ever-remarry/index.html]
[my-iddah.com/wp-content/uploads/2016/11/couldieverremarry-1.html]
[my-iddah.com/category/visitor/remarriage-visitor/index-2.html]
[my-iddah.com/category/visitor/remarriage-visitor/myStory.html]
[my-iddah.com/category/visitor/remarriage-visitor/books.html]
[my-iddah.com/category/visitor/remarriage-visitor/articlesHome.html]
[my-iddah.com/category/visitor/remarriage-visitor/Products.html]
[my-iddah.com/category/widow/family/index-2.html]
[my-iddah.com/category/widow/family/myStory.html]
[my-iddah.com/category/widow/family/books.html]
[my-iddah.com/category/widow/family/articlesHome.html]
[my-iddah.com/category/widow/family/Products.html]
[my-iddah.com/category/widow/fiqh/index-2.html]
[my-iddah.com/category/widow/fiqh/myStory.html]
[my-iddah.com/category/widow/fiqh/books.html]
[my-iddah.com/category/widow/fiqh/articlesHome.html]
[my-iddah.com/category/widow/fiqh/Products.html]
[my-iddah.com/wp-json/oembed/1.0/embed3a08.json]
[my-iddah.com/midnight-prayers-of-a-single-mother/feed/index.html]
[my-iddah.com/wp-json/oembed/1.0/embed8334]
[my-iddah.com/midnight-prayers-of-a-single-mother/index.html]
[my-iddah.com/wp-content/uploads/2016/11/MidnightPrayersofaSingleMother.html]
[my-iddah.com/the-tensions-of-the-iddah/feed/index.html]
[my-iddah.com/wp-json/oembed/1.0/embed36dc.json]
[my-iddah.com/wp-json/oembed/1.0/embed5076]
[my-iddah.com/the-tensions-of-the-iddah/index.html]
[my-iddah.com/wp-content/uploads/2016/11/thetensionsofiddah.html]
[my-iddah.com/wp-json/oembed/1.0/embed0b62.json]
[my-iddah.com/wp-json/oembed/1.0/embed77f4]
[my-iddah.com/celebrate-life/feed/index.html]
[my-iddah.com/celebrate-life/index.html]
[my-iddah.com/wp-content/uploads/2016/11/celebratelife-1.html]
[my-iddah.com/wp-json/oembed/1.0/embed1b6f.json]
[my-iddah.com/wp-json/oembed/1.0/embed6abc]
[my-iddah.com/his-promise-is-true/feed/index.html]
[my-iddah.com/his-promise-is-true/index.html]
[my-iddah.com/wp-content/uploads/2016/11/hispromiseistrue-1.html]
[my-iddah.com/category/widow/inspiration/index-2.html]
[my-iddah.com/category/widow/inspiration/myStory.html]
[my-iddah.com/category/widow/inspiration/books.html]
[my-iddah.com/category/widow/inspiration/articlesHome.html]
[my-iddah.com/category/widow/inspiration/Products.html]
[my-iddah.com/category/widow/remarriage/index-2.html]
[my-iddah.com/category/widow/remarriage/myStory.html]
[my-iddah.com/category/widow/remarriage/books.html]
[my-iddah.com/category/widow/remarriage/articlesHome.html]
[my-iddah.com/category/widow/remarriage/Products.html]
[my-iddah.com/wp-json/oembed/1.0/embedc8d1.json]
[my-iddah.com/wp-json/oembed/1.0/embedc858]
[my-iddah.com/iddah-by-any-other-name/feed/index.html]
[my-iddah.com/iddah-by-any-other-name/index.html]
[my-iddah.com/wp-content/uploads/2016/11/IddahbyAnyOtherName.html]
[my-iddah.com/wp-json/oembed/1.0/embedd368.json]
[my-iddah.com/moving-beyond-the-blues/feed/index.html]
[my-iddah.com/moving-beyond-the-blues/index.html]
[my-iddah.com/wp-content/uploads/2016/11/MovingBeyondtheBlues.html]
[my-iddah.com/wp-content/uploads/2016/11/siddiqah-cover.html]
[my-iddah.com/category/widow/self/index-2.html]
[my-iddah.com/category/widow/self/myStory.html]
[my-iddah.com/category/widow/self/books.html]
[my-iddah.com/category/widow/self/articlesHome.html]
[my-iddah.com/category/widow/self/Products.html]
[my-iddah.com/indexe6f0.html]
[my-iddah.com/topreads/index-2.html]
[my-iddah.com/topreads/myStory.html]
[my-iddah.com/topreads/books.html]
[my-iddah.com/topreads/articlesHome.html]
[my-iddah.com/topreads/Products.html]
[my-iddah.com/index3440.html]
[my-iddah.com/wp-content/uploads/2016/11/istilllovemyformalinlaws.html]
[my-iddah.com/wp-content/uploads/2016/11/howibeganhealingmyiddah.html]
[my-iddah.com/how-i-began-healing-in-my-iddah/feed/index.html]
[my-iddah.com/wp-json/oembed/1.0/embed24eb.json]
[my-iddah.com/wp-json/oembed/1.0/embed7507]
[my-iddah.com/how-i-began-healing-in-my-iddah/index.html]
[my-iddah.com/6-ways-to-support-a-widow-2/index-2.html]
[my-iddah.com/6-ways-to-support-a-widow-2/myStory.html]
[my-iddah.com/6-ways-to-support-a-widow-2/books.html]
[my-iddah.com/6-ways-to-support-a-widow-2/articlesHome.html]
[my-iddah.com/6-ways-to-support-a-widow-2/Products.html]
[my-iddah.com/index60d6.html]
[my-iddah.com/wp-content/uploads/2016/11/mybestramadhans.html]
[my-iddah.com/siddiqah-a-support-for-divorcees-and-widows-in-nigeria/index-2.html]
[my-iddah.com/siddiqah-a-support-for-divorcees-and-widows-in-nigeria/myStory.html]
[my-iddah.com/siddiqah-a-support-for-divorcees-and-widows-in-nigeria/books.html]
[my-iddah.com/siddiqah-a-support-for-divorcees-and-widows-in-nigeria/articlesHome.html]
[my-iddah.com/siddiqah-a-support-for-divorcees-and-widows-in-nigeria/Products.html]
[my-iddah.com/index8e01.html]
[my-iddah.com/wp-json/oembed/1.0/embed76be.json]
[my-iddah.com/wp-json/oembed/1.0/embedd2ec]
[my-iddah.com/divorce-shamers/feed/index.html]
[my-iddah.com/divorce-shamers/index.html]
[my-iddah.com/requiem-of-a-marriage-struggling-with-divorce/index-2.html]
[my-iddah.com/requiem-of-a-marriage-struggling-with-divorce/myStory.html]
[my-iddah.com/requiem-of-a-marriage-struggling-with-divorce/books.html]
[my-iddah.com/requiem-of-a-marriage-struggling-with-divorce/articlesHome.html]
[my-iddah.com/requiem-of-a-marriage-struggling-with-divorce/Products.html]
[my-iddah.com/indexb7c7.html]
[my-iddah.com/wp-content/uploads/2016/11/thefiqhofiddah-2.html]
[my-iddah.com/what-is-iddah-2/index-2.html]
[my-iddah.com/what-is-iddah-2/myStory.html]
[my-iddah.com/what-is-iddah-2/books.html]
[my-iddah.com/what-is-iddah-2/articlesHome.html]
[my-iddah.com/what-is-iddah-2/Products.html]
[my-iddah.com/indexea0f.html]
[my-iddah.com/trending/index-2.html]
[my-iddah.com/trending/myStory.html]
[my-iddah.com/trending/books.html]
[my-iddah.com/trending/articlesHome.html]
[my-iddah.com/trending/Products.html]
[my-iddah.com/indexc885.html]
[my-iddah.com/wp-content/uploads/2016/11/couldieverremarry.html]
[my-iddah.com/wp-content/uploads/2016/11/thetensionofiddah.html]
[my-iddah.com/wp-content/uploads/2016/11/hispromiseistrue.html]
[my-iddah.com/when-true-love-comes-twice-2/index-2.html]
[my-iddah.com/when-true-love-comes-twice-2/myStory.html]
[my-iddah.com/when-true-love-comes-twice-2/books.html]
[my-iddah.com/when-true-love-comes-twice-2/articlesHome.html]
[my-iddah.com/when-true-love-comes-twice-2/Products.html]
[my-iddah.com/indexb998.html]
[my-iddah.com/3-misconceptions-about-iddah-2/index-2.html]
[my-iddah.com/3-misconceptions-about-iddah-2/myStory.html]
[my-iddah.com/3-misconceptions-about-iddah-2/books.html]
[my-iddah.com/3-misconceptions-about-iddah-2/articlesHome.html]
[my-iddah.com/3-misconceptions-about-iddah-2/Products.html]
[my-iddah.com/index48fd.html]
[my-iddah.com/5-rules-of-iddah-2/index-2.html]
[my-iddah.com/5-rules-of-iddah-2/myStory.html]
[my-iddah.com/5-rules-of-iddah-2/books.html]
[my-iddah.com/5-rules-of-iddah-2/articlesHome.html]
[my-iddah.com/5-rules-of-iddah-2/Products.html]
[my-iddah.com/indexf4d1.html]
[my-iddah.com/wp-content/uploads/2016/11/ditchingdivorcedramavideo.html]
[my-iddah.com/wp-content/uploads/2016/11/mydivorceisthebiggestblessingofmylife.html]
[my-iddah.com/a-time-place-for-everything/index-2.html]
[my-iddah.com/a-time-place-for-everything/myStory.html]
[my-iddah.com/a-time-place-for-everything/books.html]
[my-iddah.com/a-time-place-for-everything/articlesHome.html]
[my-iddah.com/a-time-place-for-everything/Products.html]
[my-iddah.com/index56d6.html]
[my-iddah.com/on-iddah-by-naima-b-robert-part-1/index-2.html]
[my-iddah.com/on-iddah-by-naima-b-robert-part-1/myStory.html]
[my-iddah.com/on-iddah-by-naima-b-robert-part-1/books.html]
[my-iddah.com/on-iddah-by-naima-b-robert-part-1/articlesHome.html]
[my-iddah.com/on-iddah-by-naima-b-robert-part-1/Products.html]
[my-iddah.com/index8bc8.html]
[my-iddah.com/wp-content/uploads/2016/11/aseriesoffirsts-2.html]
[my-iddah.com/wp-content/uploads/2016/11/aseriesoffirstspart2.html]
[my-iddah.com/wp-content/uploads/2016/11/tumblr_mr6nogcQDv1qdheobo1_1280.html]
[my-iddah.com/wp-content/uploads/2016/11/movingbeyondtheblues-2.html]
[my-iddah.com/the-gift-of-iddah-by-naima-b-robert-part-2/index-2.html]
[my-iddah.com/the-gift-of-iddah-by-naima-b-robert-part-2/myStory.html]
[my-iddah.com/the-gift-of-iddah-by-naima-b-robert-part-2/books.html]
[my-iddah.com/the-gift-of-iddah-by-naima-b-robert-part-2/articlesHome.html]
[my-iddah.com/the-gift-of-iddah-by-naima-b-robert-part-2/Products.html]
[my-iddah.com/indexdc22.html]
[my-iddah.com/another-mans-daughter-the-story-of-zaynab-bint-abi-salamah/index-2.html]
[my-iddah.com/another-mans-daughter-the-story-of-zaynab-bint-abi-salamah/books.html]
[my-iddah.com/another-mans-daughter-the-story-of-zaynab-bint-abi-salamah/articlesHome.html]
[my-iddah.com/another-mans-daughter-the-story-of-zaynab-bint-abi-salamah/Products.html]
[my-iddah.com/index5070.html]
[my-iddah.com/the-single-parent-guide-to-quick-and-healthy-cooking/index-2.html]
[my-iddah.com/the-single-parent-guide-to-quick-and-healthy-cooking/myStory.html]
[my-iddah.com/the-single-parent-guide-to-quick-and-healthy-cooking/books.html]
[my-iddah.com/the-single-parent-guide-to-quick-and-healthy-cooking/articlesHome.html]
[my-iddah.com/the-single-parent-guide-to-quick-and-healthy-cooking/Products.html]
[my-iddah.com/index7c2c.html]
[my-iddah.com/accepting-allahs-decree/index-2.html]
[my-iddah.com/accepting-allahs-decree/myStory.html]
[my-iddah.com/accepting-allahs-decree/books.html]
[my-iddah.com/accepting-allahs-decree/articlesHome.html]
[my-iddah.com/accepting-allahs-decree/Products.html]
[my-iddah.com/indexb50d.html]
[my-iddah.com/wp-content/uploads/2016/11/celebratelife.html]
[my-iddah.com/from-a-sister-to-a-widow-2/index-2.html]
[my-iddah.com/from-a-sister-to-a-widow-2/myStory.html]
[my-iddah.com/from-a-sister-to-a-widow-2/books.html]
[my-iddah.com/from-a-sister-to-a-widow-2/articlesHome.html]
[my-iddah.com/from-a-sister-to-a-widow-2/Products.html]
[my-iddah.com/indexbe3b.html]
[my-iddah.com/wp-content/uploads/2016/11/iddahbyanyothername-2.html]
[my-iddah.com/daring-to-hope-again/index-2.html]
[my-iddah.com/daring-to-hope-again/myStory.html]
[my-iddah.com/daring-to-hope-again/books.html]
[my-iddah.com/daring-to-hope-again/articlesHome.html]
[my-iddah.com/daring-to-hope-again/Products.html]
[my-iddah.com/index1c00.html]
[my-iddah.com/you-dont-need-a-man/index-2.html]
[my-iddah.com/you-dont-need-a-man/myStory.html]
[my-iddah.com/you-dont-need-a-man/books.html]
[my-iddah.com/you-dont-need-a-man/articlesHome.html]
[my-iddah.com/you-dont-need-a-man/Products.html]
[my-iddah.com/indexec4a.html]
[my-iddah.com/wp-content/uploads/2016/11/midnightprayersofasinglemother-2.html]
[my-iddah.com/wp-content/uploads/2016/11/theheartdoesgoon-2.html]
[my-iddah.com/build-your-new-marriage-on-solid-ground/index-2.html]
[my-iddah.com/build-your-new-marriage-on-solid-ground/myStory.html]
[my-iddah.com/build-your-new-marriage-on-solid-ground/books.html]
[my-iddah.com/build-your-new-marriage-on-solid-ground/articlesHome.html]
[my-iddah.com/build-your-new-marriage-on-solid-ground/Products.html]
[my-iddah.com/indexa828.html]
[my-iddah.com/wp-content/uploads/2016/05/5-Steps-To-A-Healthy-Recovery-Guide-1-1.html]
[my-iddah.com/5-steps-to-a-healthy-recovery-muslimahs-guide-to-divorce-loss-e-book/index-2.html]
[my-iddah.com/5-steps-to-a-healthy-recovery-muslimahs-guide-to-divorce-loss-e-book/myStory.html]
[my-iddah.com/5-steps-to-a-healthy-recovery-muslimahs-guide-to-divorce-loss-e-book/books.html]
[my-iddah.com/5-steps-to-a-healthy-recovery-muslimahs-guide-to-divorce-loss-e-book/articlesHome.html]
[my-iddah.com/5-steps-to-a-healthy-recovery-muslimahs-guide-to-divorce-loss-e-book/Products.html]
[my-iddah.com/index9c2b.html]
[my-iddah.com/8-ways-to-cope-with-divorce-through-worship/index-2.html]
[my-iddah.com/8-ways-to-cope-with-divorce-through-worship/myStory.html]
[my-iddah.com/8-ways-to-cope-with-divorce-through-worship/books.html]
[my-iddah.com/8-ways-to-cope-with-divorce-through-worship/articlesHome.html]
[my-iddah.com/8-ways-to-cope-with-divorce-through-worship/Products.html]
[my-iddah.com/indexfbd5.html]
[my-iddah.com/fiqh-rules-on-iddah/index-2.html]
[my-iddah.com/fiqh-rules-on-iddah/myStory.html]
[my-iddah.com/fiqh-rules-on-iddah/books.html]
[my-iddah.com/fiqh-rules-on-iddah/articlesHome.html]
[my-iddah.com/fiqh-rules-on-iddah/Products.html]
[my-iddah.com/indexd1a7.html]
[my-iddah.com/wp-content/uploads/2016/11/humbleadvicefrommydivorce-versary.html]
[my-iddah.com/wp-json/oembed/1.0/embed8712.json]
[my-iddah.com/divorceversary/feed/index.html]
[my-iddah.com/wp-json/oembed/1.0/embed8686]
[my-iddah.com/divorceversary/index.html]
[my-iddah.com/it-would-never-happen-to-me/index-2.html]
[my-iddah.com/it-would-never-happen-to-me/myStory.html]
[my-iddah.com/it-would-never-happen-to-me/books.html]
[my-iddah.com/it-would-never-happen-to-me/articlesHome.html]
[my-iddah.com/it-would-never-happen-to-me/Products.html]
[my-iddah.com/indexff23.html]
[my-iddah.com/wp-content/uploads/2016/11/theimportanceofselfcare.html]
[my-iddah.com/wp-json/oembed/1.0/embed7dfb.json]
[my-iddah.com/the-importance-of-self-care/feed/index.html]
[my-iddah.com/wp-json/oembed/1.0/embedeca8]
[my-iddah.com/rebuilding-yourself-after-divorce/index.html]
[my-iddah.com/my-divorce-is-the-biggest-blessing-of-my-life/index.html]
[my-iddah.com/the-importance-of-self-care/index.html]
[my-iddah.com/single-muslim-mums-organisation-for-single-muslim-mothers/index-2.html]
[my-iddah.com/single-muslim-mums-organisation-for-single-muslim-mothers/myStory.html]
[my-iddah.com/single-muslim-mums-organisation-for-single-muslim-mothers/books.html]
[my-iddah.com/single-muslim-mums-organisation-for-single-muslim-mothers/articlesHome.html]
[my-iddah.com/single-muslim-mums-organisation-for-single-muslim-mothers/Products.html]
[my-iddah.com/index3350.html]
[my-iddah.com/i-still-love-my-former-in-laws/index-2.html]
[my-iddah.com/i-still-love-my-former-in-laws/myStory.html]
[my-iddah.com/i-still-love-my-former-in-laws/books.html]
[my-iddah.com/i-still-love-my-former-in-laws/articlesHome.html]
[my-iddah.com/i-still-love-my-former-in-laws/Products.html]
[my-iddah.com/index5e74.html]
[my-iddah.com/4-ways-to-get-rid-of-post-divorce-bitterness/index-2.html]
[my-iddah.com/4-ways-to-get-rid-of-post-divorce-bitterness/myStory.html]
[my-iddah.com/4-ways-to-get-rid-of-post-divorce-bitterness/books.html]
[my-iddah.com/4-ways-to-get-rid-of-post-divorce-bitterness/articlesHome.html]
[my-iddah.com/4-ways-to-get-rid-of-post-divorce-bitterness/Products.html]
[my-iddah.com/indexada0.html]
[my-iddah.com/struggle-a-poem-about-leaving/index-2.html]
[my-iddah.com/struggle-a-poem-about-leaving/myStory.html]
[my-iddah.com/struggle-a-poem-about-leaving/books.html]
[my-iddah.com/struggle-a-poem-about-leaving/articlesHome.html]
[my-iddah.com/struggle-a-poem-about-leaving/Products.html]
[my-iddah.com/indexb4d2.html]
[my-iddah.com/so-you-wanna-marry-a-single-mum/index-2.html]
[my-iddah.com/so-you-wanna-marry-a-single-mum/myStory.html]
[my-iddah.com/so-you-wanna-marry-a-single-mum/books.html]
[my-iddah.com/so-you-wanna-marry-a-single-mum/articlesHome.html]
[my-iddah.com/so-you-wanna-marry-a-single-mum/Products.html]
[my-iddah.com/index0325.html]
[my-iddah.com/ditching-divorce-drama-video/index-2.html]
[my-iddah.com/ditching-divorce-drama-video/myStory.html]
[my-iddah.com/ditching-divorce-drama-video/books.html]
[my-iddah.com/ditching-divorce-drama-video/articlesHome.html]
[my-iddah.com/ditching-divorce-drama-video/Products.html]
[my-iddah.com/indexe539.html]
[my-iddah.com/i-spent-ramadan-alone-learned-to-count-my-blessings/index-2.html]
[my-iddah.com/i-spent-ramadan-alone-learned-to-count-my-blessings/myStory.html]
[my-iddah.com/i-spent-ramadan-alone-learned-to-count-my-blessings/books.html]
[my-iddah.com/i-spent-ramadan-alone-learned-to-count-my-blessings/articlesHome.html]
[my-iddah.com/i-spent-ramadan-alone-learned-to-count-my-blessings/Products.html]
[my-iddah.com/indexa36b.html]
[my-iddah.com/a-series-of-firsts/index-2.html]
[my-iddah.com/a-series-of-firsts/myStory.html]
[my-iddah.com/a-series-of-firsts/books.html]
[my-iddah.com/a-series-of-firsts/articlesHome.html]
[my-iddah.com/a-series-of-firsts/Products.html]
[my-iddah.com/index2fa7.html]
[my-iddah.com/a-series-of-firsts-part-2/index-2.html]
[my-iddah.com/a-series-of-firsts-part-2/myStory.html]
[my-iddah.com/a-series-of-firsts-part-2/books.html]
[my-iddah.com/a-series-of-firsts-part-2/articlesHome.html]
[my-iddah.com/a-series-of-firsts-part-2/Products.html]
[my-iddah.com/indexf488.html]
[my-iddah.com/wp-content/uploads/2016/07/Be-proactive-1.html]
[my-iddah.com/wp-content/uploads/2016/07/Be-proactive-1-300x300.html]
[my-iddah.com/wp-content/uploads/2016/07/treat-yourself.html]
[my-iddah.com/wp-content/uploads/2016/07/treat-yourself-300x300.html]
[my-iddah.com/wp-content/uploads/2016/07/Tip-5-for-a-Blessed-Solo-Eid.html]
[my-iddah.com/wp-content/uploads/2016/07/Tip-5-for-a-Blessed-Solo-Eid-300x300.html]
[my-iddah.com/wp-content/uploads/2016/07/Tip-6-for-a-Blessed-Solo-Eid.html]
[my-iddah.com/wp-content/uploads/2016/07/Tip-6-for-a-Blessed-Solo-Eid-300x300.html]
[my-iddah.com/wp-content/uploads/2016/07/Tip-7-for-a-Blessed-Solo-Eid.html]
[my-iddah.com/wp-content/uploads/2016/07/Tip-7-for-a-Blessed-Solo-Eid-300x300.html]
[my-iddah.com/wp-content/uploads/2016/07/Tip-8-for-a-Blessed-Solo-Eid.html]
[my-iddah.com/wp-content/uploads/2016/07/Tip-8-for-a-Blessed-Solo-Eid-300x300.html]
[my-iddah.com/wp-content/uploads/2016/07/Tip-9-for-a-Blessed-Solo-Eid.html]
[my-iddah.com/wp-content/uploads/2016/07/Tip-9-for-a-Blessed-Solo-Eid-300x300.html]
[my-iddah.com/tips-for-a-blessed-solo-eid/index-2.html]
[my-iddah.com/tips-for-a-blessed-solo-eid/myStory.html]
[my-iddah.com/tips-for-a-blessed-solo-eid/books.html]
[my-iddah.com/tips-for-a-blessed-solo-eid/articlesHome.html]
[my-iddah.com/tips-for-a-blessed-solo-eid/Products.html]
[my-iddah.com/index8b4e.html]
[my-iddah.com/the-fiqh-of-iddah/index-2.html]
[my-iddah.com/the-fiqh-of-iddah/myStory.html]
[my-iddah.com/the-fiqh-of-iddah/books.html]
[my-iddah.com/the-fiqh-of-iddah/articlesHome.html]
[my-iddah.com/the-fiqh-of-iddah/Products.html]
[my-iddah.com/index17d5.html]
[my-iddah.com/my-divorce-was-the-best-thing-that-ever-happened-to-me/index-2.html]
[my-iddah.com/my-divorce-was-the-best-thing-that-ever-happened-to-me/myStory.html]
[my-iddah.com/my-divorce-was-the-best-thing-that-ever-happened-to-me/books.html]
[my-iddah.com/my-divorce-was-the-best-thing-that-ever-happened-to-me/articlesHome.html]
[my-iddah.com/my-divorce-was-the-best-thing-that-ever-happened-to-me/Products.html]
[my-iddah.com/index7760.html]
[my-iddah.com/running-on-e-9-signs-you-are-emotionally-exhausted/index-2.html]
[my-iddah.com/running-on-e-9-signs-you-are-emotionally-exhausted/myStory.html]
[my-iddah.com/running-on-e-9-signs-you-are-emotionally-exhausted/books.html]
[my-iddah.com/running-on-e-9-signs-you-are-emotionally-exhausted/articlesHome.html]
[my-iddah.com/running-on-e-9-signs-you-are-emotionally-exhausted/Products.html]
[my-iddah.com/index4034.html]
[my-iddah.com/my-khul-my-freedom/index-2.html]
[my-iddah.com/my-khul-my-freedom/myStory.html]
[my-iddah.com/my-khul-my-freedom/books.html]
[my-iddah.com/my-khul-my-freedom/articlesHome.html]
[my-iddah.com/my-khul-my-freedom/Products.html]
[my-iddah.com/index43b2.html]
[my-iddah.com/standing-on-your-own-two-feet-as-a-single-mum/index-2.html]
[my-iddah.com/standing-on-your-own-two-feet-as-a-single-mum/myStory.html]
[my-iddah.com/standing-on-your-own-two-feet-as-a-single-mum/books.html]
[my-iddah.com/standing-on-your-own-two-feet-as-a-single-mum/articlesHome.html]
[my-iddah.com/standing-on-your-own-two-feet-as-a-single-mum/Products.html]
[my-iddah.com/index87e6.html]
[my-iddah.com/my-best-ramadaans-were-as-a-single-mum/index-2.html]
[my-iddah.com/my-best-ramadaans-were-as-a-single-mum/myStory.html]
[my-iddah.com/my-best-ramadaans-were-as-a-single-mum/books.html]
[my-iddah.com/my-best-ramadaans-were-as-a-single-mum/articlesHome.html]
[my-iddah.com/my-best-ramadaans-were-as-a-single-mum/Products.html]
[my-iddah.com/indexd7d8.html]
[my-iddah.com/it-took-me-21-years-and-11-months-of-abuse-until-i-had-this-realization/index-2.html]
[my-iddah.com/it-took-me-21-years-and-11-months-of-abuse-until-i-had-this-realization/myStory.html]
[my-iddah.com/it-took-me-21-years-and-11-months-of-abuse-until-i-had-this-realization/books.html]
[my-iddah.com/it-took-me-21-years-and-11-months-of-abuse-until-i-had-this-realization/articlesHome.html]
[my-iddah.com/it-took-me-21-years-and-11-months-of-abuse-until-i-had-this-realization/Products.html]
[my-iddah.com/index269b.html]
[my-iddah.com/behind-picket-fences-review-of-hend-hegazis-eye-opening-novel/index-2.html]
[my-iddah.com/behind-picket-fences-review-of-hend-hegazis-eye-opening-novel/myStory.html]
[my-iddah.com/behind-picket-fences-review-of-hend-hegazis-eye-opening-novel/books.html]
[my-iddah.com/behind-picket-fences-review-of-hend-hegazis-eye-opening-novel/articlesHome.html]
[my-iddah.com/behind-picket-fences-review-of-hend-hegazis-eye-opening-novel/Products.html]
[my-iddah.com/index9469.html]
[my-iddah.com/life-as-a-step-parent/index-2.html]
[my-iddah.com/life-as-a-step-parent/myStory.html]
[my-iddah.com/life-as-a-step-parent/books.html]
[my-iddah.com/life-as-a-step-parent/articlesHome.html]
[my-iddah.com/life-as-a-step-parent/Products.html]
[my-iddah.com/index47f2.html]
[my-iddah.com/guidance-through-the-stable-door/index-2.html]
[my-iddah.com/guidance-through-the-stable-door/myStory.html]
[my-iddah.com/guidance-through-the-stable-door/books.html]
[my-iddah.com/guidance-through-the-stable-door/articlesHome.html]
[my-iddah.com/guidance-through-the-stable-door/Products.html]
[my-iddah.com/indexd52d.html]
[my-iddah.com/wp-content/uploads/2016/11/mykhulymyfreedom.html]
[my-iddah.com/wp-content/uploads/2016/11/lifeafterdivorce.html]
[my-iddah.com/wp-json/oembed/1.0/embede17e.json]
[my-iddah.com/wp-json/oembed/1.0/embedc786]
[my-iddah.com/life-after-divorce-video/feed/index.html]
[my-iddah.com/life-after-divorce-video/index.html]
[my-iddah.com/wp-content/uploads/2016/11/ittookme21years.html]
[my-iddah.com/the-heart-does-go-on/index-2.html]
[my-iddah.com/the-heart-does-go-on/myStory.html]
[my-iddah.com/the-heart-does-go-on/books.html]
[my-iddah.com/the-heart-does-go-on/articlesHome.html]
[my-iddah.com/the-heart-does-go-on/Products.html]
[my-iddah.com/index8054.html]
[my-iddah.com/could-i-ever-remarry/index-2.html]
[my-iddah.com/could-i-ever-remarry/myStory.html]
[my-iddah.com/could-i-ever-remarry/books.html]
[my-iddah.com/could-i-ever-remarry/articlesHome.html]
[my-iddah.com/could-i-ever-remarry/Products.html]
[my-iddah.com/index9c49.html]
[my-iddah.com/wp-content/uploads/2016/11/ispentramadhanalone.html]
[my-iddah.com/midnight-prayers-of-a-single-mother/index-2.html]
[my-iddah.com/midnight-prayers-of-a-single-mother/myStory.html]
[my-iddah.com/midnight-prayers-of-a-single-mother/books.html]
[my-iddah.com/midnight-prayers-of-a-single-mother/articlesHome.html]
[my-iddah.com/midnight-prayers-of-a-single-mother/Products.html]
[my-iddah.com/index9787.html]
[my-iddah.com/the-tensions-of-the-iddah/index-2.html]
[my-iddah.com/the-tensions-of-the-iddah/myStory.html]
[my-iddah.com/the-tensions-of-the-iddah/books.html]
[my-iddah.com/the-tensions-of-the-iddah/articlesHome.html]
[my-iddah.com/the-tensions-of-the-iddah/Products.html]
[my-iddah.com/index04cd.html]
[my-iddah.com/celebrate-life/index-2.html]
[my-iddah.com/celebrate-life/myStory.html]
[my-iddah.com/celebrate-life/books.html]
[my-iddah.com/celebrate-life/articlesHome.html]
[my-iddah.com/celebrate-life/Products.html]
[my-iddah.com/index7896.html]
[my-iddah.com/his-promise-is-true/index-2.html]
[my-iddah.com/his-promise-is-true/myStory.html]
[my-iddah.com/his-promise-is-true/books.html]
[my-iddah.com/his-promise-is-true/articlesHome.html]
[my-iddah.com/his-promise-is-true/Products.html]
[my-iddah.com/indexee5b.html]
[my-iddah.com/iddah-by-any-other-name/index-2.html]
[my-iddah.com/iddah-by-any-other-name/myStory.html]
[my-iddah.com/iddah-by-any-other-name/books.html]
[my-iddah.com/iddah-by-any-other-name/articlesHome.html]
[my-iddah.com/iddah-by-any-other-name/Products.html]
[my-iddah.com/index248a.html]
[my-iddah.com/moving-beyond-the-blues/index-2.html]
[my-iddah.com/moving-beyond-the-blues/myStory.html]
[my-iddah.com/moving-beyond-the-blues/articlesHome.html]
[my-iddah.com/moving-beyond-the-blues/Products.html]
[my-iddah.com/index8816.html]
[my-iddah.com/wp-content/uploads/2016/11/howibeganhealingmyiddah-2.html]
[my-iddah.com/how-i-began-healing-in-my-iddah/index-2.html]
[my-iddah.com/how-i-began-healing-in-my-iddah/myStory.html]
[my-iddah.com/how-i-began-healing-in-my-iddah/books.html]
[my-iddah.com/how-i-began-healing-in-my-iddah/articlesHome.html]
[my-iddah.com/how-i-began-healing-in-my-iddah/Products.html]
[my-iddah.com/index8af0.html]
[my-iddah.com/divorce-shamers/index-2.html]
[my-iddah.com/divorce-shamers/myStory.html]
[my-iddah.com/divorce-shamers/books.html]
[my-iddah.com/divorce-shamers/articlesHome.html]
[my-iddah.com/divorce-shamers/Products.html]
[my-iddah.com/another-mans-daughter-the-story-of-zaynab-bint-abi-salamah/myStory.html]
[my-iddah.com/index5791.html]
[my-iddah.com/wp-content/uploads/2016/11/humbleadviceonmydivore-versary.html]
[my-iddah.com/divorceversary/index-2.html]
[my-iddah.com/divorceversary/myStory.html]
[my-iddah.com/divorceversary/books.html]
[my-iddah.com/divorceversary/articlesHome.html]
[my-iddah.com/divorceversary/Products.html]
[my-iddah.com/indexbbc7.html]
[my-iddah.com/wp-content/uploads/2016/11/standingonyourowntwofeet.html]
[my-iddah.com/wp-content/uploads/2016/11/rebuildingyourselfafterdivorce.html]
[my-iddah.com/wp-json/oembed/1.0/embed917a]
[my-iddah.com/wp-json/oembed/1.0/embed0ca0.json]
[my-iddah.com/rebuilding-yourself-after-divorce/feed/index.html]
[my-iddah.com/wp-json/oembed/1.0/embed2f8b]
[my-iddah.com/rebuilding-yourself-after-divorce/index.html]
[my-iddah.com/wp-content/uploads/2016/11/mydivorcewasthebestthingthathaseverhappenedtome.html]
[my-iddah.com/wp-json/oembed/1.0/embeddb49.json]
[my-iddah.com/my-divorce-is-the-biggest-blessing-of-my-life/feed/index.html]
[my-iddah.com/wp-json/oembed/1.0/embed5079]
[my-iddah.com/my-divorce-is-the-biggest-blessing-of-my-life/index.html]
[my-iddah.com/wp-content/uploads/2016/11/theimportanceofselfcare-Copy.html]
[my-iddah.com/wp-content/uploads/2016/05/fok-book-cover.html]
[my-iddah.com/the-importance-of-self-care/index-2.html]
[my-iddah.com/the-importance-of-self-care/myStory.html]
[my-iddah.com/the-importance-of-self-care/books.html]
[my-iddah.com/the-importance-of-self-care/articlesHome.html]
[my-iddah.com/the-importance-of-self-care/Products.html]
[my-iddah.com/indexb950.html]
[my-iddah.com/wp-content/uploads/2016/11/lifeafterdivorce-1.html]
[my-iddah.com/life-after-divorce-video/index-2.html]
[my-iddah.com/life-after-divorce-video/myStory.html]
[my-iddah.com/life-after-divorce-video/books.html]
[my-iddah.com/life-after-divorce-video/articlesHome.html]
[my-iddah.com/life-after-divorce-video/Products.html]
[my-iddah.com/moving-beyond-the-blues/books.html]
[my-iddah.com/index1a26.html]
[my-iddah.com/wp-content/uploads/2016/11/RebuildingYourselfAfterDivorce-2.html]
[my-iddah.com/rebuilding-yourself-after-divorce/index-2.html]
[my-iddah.com/rebuilding-yourself-after-divorce/myStory.html]
[my-iddah.com/rebuilding-yourself-after-divorce/books.html]
[my-iddah.com/rebuilding-yourself-after-divorce/articlesHome.html]
[my-iddah.com/rebuilding-yourself-after-divorce/Products.html]
[my-iddah.com/index9751.html]
[my-iddah.com/wp-content/uploads/2016/11/mydivorcewasthebestthingthathaseverhappenedtome-2.html]
[my-iddah.com/my-divorce-is-the-biggest-blessing-of-my-life/index-2.html]
[my-iddah.com/my-divorce-is-the-biggest-blessing-of-my-life/myStory.html]
[my-iddah.com/my-divorce-is-the-biggest-blessing-of-my-life/books.html]
[my-iddah.com/my-divorce-is-the-biggest-blessing-of-my-life/articlesHome.html]
[my-iddah.com/my-divorce-is-the-biggest-blessing-of-my-life/Products.html]
